Flutter crash report.
Please report a bug at https://github.com/flutter/flutter/issues.

## command

flutter run -d chrome

## exception

ExistingDartDevelopmentServiceException: DartDevelopmentServiceException: JSON-RPC error 100: Existing VM service clients prevent DDS from taking control.

```
```

## flutter doctor

```
[!] Flutter (Channel stable, 3.32.8, on Microsoft Windows [Version 10.0.19045.6466], locale en-US) [3.0s]
    • Flutter version 3.32.8 on channel stable at C:\Users\Cloud Tech\Downloads\flutter_windows_3.32.8-stable\flutter
    ! The flutter binary is not on your path. Consider adding C:\Users\Cloud Tech\Downloads\flutter_windows_3.32.8-stable\flutter\bin to your path.
    ! The dart binary is not on your path. Consider adding C:\Users\Cloud Tech\Downloads\flutter_windows_3.32.8-stable\flutter\bin to your path.
    • Upstream repository https://github.com/flutter/flutter.git
    • Framework revision edada7c56e (1 year ago), 2025-07-25 14:08:03 +0000
    • Engine revision ef0cd00091
    • Dart version 3.8.1
    • DevTools version 2.45.1
    • If those were intentional, you can disregard the above warnings; however it is recommended to use "git" directly to perform update checks and upgrades.

[✓] Windows Version (10 Pro 64-bit, 22H2, 2009) [24.0s]

[!] Android toolchain - develop for Android devices (Android SDK version 36.1.0) [2.4s]
    • Android SDK at c:\Users\Cloud Tech\AppData\Local\Android\Sdk
    ✗ cmdline-tools component is missing.
      Try installing or updating Android Studio.
      Alternatively, download the tools from https://developer.android.com/studio#command-line-tools-only and make sure to set the ANDROID_HOME environment variable.
      See https://developer.android.com/studio/command-line for more details.
    ✗ Android license status unknown.
      Run `flutter doctor --android-licenses` to accept the SDK licenses.
      See https://flutter.dev/to/windows-android-setup for more details.

[✓] Chrome - develop for the web [632ms]
    • Chrome at C:\Program Files\Google\Chrome\Application\chrome.exe

[✓] Visual Studio - develop Windows apps (Visual Studio Community 2022 17.14.6 (June 2025)) [630ms]
    • Visual Studio at C:\Program Files\Microsoft Visual Studio\2022\Community
    • Visual Studio Community 2022 version 17.14.36212.18
    • Windows 10 SDK version 10.0.26100.0

[!] Android Studio (not installed) [13ms]
    • Android Studio not found; download from https://developer.android.com/studio/index.html
      (or visit https://flutter.dev/to/windows-android-setup for detailed instructions).

[✓] VS Code (version unknown) [13ms]
    • VS Code at C:\Users\Cloud Tech\AppData\Local\Programs\Microsoft VS Code
    • Flutter extension version 3.138.0
    ✗ Unable to determine VS Code version.

[✓] Connected device (3 available) [3.4s]
    • Windows (desktop) • windows • windows-x64    • Microsoft Windows [Version 10.0.19045.6466]
    • Chrome (web)      • chrome  • web-javascript • Google Chrome 150.0.7871.184
    • Edge (web)        • edge    • web-javascript • Microsoft Edge 150.0.4078.83

[✓] Network resources [385ms]
    • All expected network resources are available.

! Doctor found issues in 3 categories.
```
